node:internal/fs/watchers:321
    const error = new UVException({
                  ^

Error: EBUSY: resource busy or locked, watch 'C:\Users\agarw\claude_projects\PortalPanda\marketing-site\output\centralpass-logo-variations\chrome-render-mark\GPUPersistentCache\DawnGraphiteCache\WRJTYMYAB73RC6HTXXLKRS2FEZVUG6PP\cache.db'
    at FSWatcher.<computed> (node:internal/fs/watchers:321:19)
    at Object.watch (node:fs:2548:36)
    at createFsWatchInstance (file:///C:/Users/agarw/claude_projects/PortalPanda/marketing-site/node_modules/vite/dist/node/chunks/dep-BK3b2jBa.js:42780:17)
    at setFsWatchListener (file:///C:/Users/agarw/claude_projects/PortalPanda/marketing-site/node_modules/vite/dist/node/chunks/dep-BK3b2jBa.js:42827:15)
    at NodeFsHandler._watchWithNodeFs (file:///C:/Users/agarw/claude_projects/PortalPanda/marketing-site/node_modules/vite/dist/node/chunks/dep-BK3b2jBa.js:42982:14)
    at NodeFsHandler._handleFile (file:///C:/Users/agarw/claude_projects/PortalPanda/marketing-site/node_modules/vite/dist/node/chunks/dep-BK3b2jBa.js:43046:23)
    at NodeFsHandler._addToNodeFs (file:///C:/Users/agarw/claude_projects/PortalPanda/marketing-site/node_modules/vite/dist/node/chunks/dep-BK3b2jBa.js:43288:21)
Emitted 'error' event on FSWatcher instance at:
    at FSWatcher._handleError (file:///C:/Users/agarw/claude_projects/PortalPanda/marketing-site/node_modules/vite/dist/node/chunks/dep-BK3b2jBa.js:44481:10)
    at NodeFsHandler._addToNodeFs (file:///C:/Users/agarw/claude_projects/PortalPanda/marketing-site/node_modules/vite/dist/node/chunks/dep-BK3b2jBa.js:43296:18) {
  errno: -4082,
  syscall: 'watch',
  code: 'EBUSY',
  path: 'C:\\Users\\agarw\\claude_projects\\PortalPanda\\marketing-site\\output\\centralpass-logo-variations\\chrome-render-mark\\GPUPersistentCache\\DawnGraphiteCache\\WRJTYMYAB73RC6HTXXLKRS2FEZVUG6PP\\cache.db',
  filename: 'C:\\Users\\agarw\\claude_projects\\PortalPanda\\marketing-site\\output\\centralpass-logo-variations\\chrome-render-mark\\GPUPersistentCache\\DawnGraphiteCache\\WRJTYMYAB73RC6HTXXLKRS2FEZVUG6PP\\cache.db'
}

Node.js v24.16.0
